models (control): 105 Monte Carlo runs, 50 s
probe: 58 runs on 4 workers
probe: 2/58 runs, 0.0 min elapsed, ETA 0.2 min
probe: 4/58 runs, 0.0 min elapsed, ETA 0.1 min
probe: 6/58 runs, 0.0 min elapsed, ETA 0.2 min
probe: 8/58 runs, 0.0 min elapsed, ETA 0.3 min
probe: 10/58 runs, 0.1 min elapsed, ETA 0.3 min
probe: 12/58 runs, 0.1 min elapsed, ETA 0.4 min
probe: 14/58 runs, 0.2 min elapsed, ETA 0.6 min
probe: 16/58 runs, 0.3 min elapsed, ETA 0.8 min
probe: 18/58 runs, 0.3 min elapsed, ETA 0.7 min
probe: 20/58 runs, 0.3 min elapsed, ETA 0.6 min
probe: 22/58 runs, 0.4 min elapsed, ETA 0.6 min
probe: 24/58 runs, 0.5 min elapsed, ETA 0.7 min
probe: 26/58 runs, 0.5 min elapsed, ETA 0.6 min
probe: 28/58 runs, 0.5 min elapsed, ETA 0.6 min
probe: 30/58 runs, 0.6 min elapsed, ETA 0.6 min
probe: 32/58 runs, 1.0 min elapsed, ETA 0.8 min
probe: 34/58 runs, 1.0 min elapsed, ETA 0.7 min
probe: 36/58 runs, 1.0 min elapsed, ETA 0.6 min
probe: 38/58 runs, 1.0 min elapsed, ETA 0.5 min
probe: 42/58 runs, 1.1 min elapsed, ETA 0.4 min
probe: 44/58 runs, 1.2 min elapsed, ETA 0.4 min
probe: 46/58 runs, 1.2 min elapsed, ETA 0.3 min
probe: 48/58 runs, 1.2 min elapsed, ETA 0.3 min
probe: 50/58 runs, 1.4 min elapsed, ETA 0.2 min
probe: 52/58 runs, 1.5 min elapsed, ETA 0.2 min
probe: 54/58 runs, 1.6 min elapsed, ETA 0.1 min
probe: 56/58 runs, 1.8 min elapsed, ETA 0.1 min
probe: 58/58 runs, 2.7 min elapsed, ETA 0.0 min

cell             s/run   real   decoy  runs needed for 50 successes and failures per vantage
R1                 0.5    198       0  Base=2 A=2 D=1 C=2 F=1 V=3 GK=1
R2                 0.4    214       0  Base=1 A=1 D=1 C=1 F=1 V=1 GK=1
R3                 0.3    209       0  Base=1 A=1 D=1 C=1 F=1 V=1 GK=1
R4                 0.3    214       0  Base=1 A=1 D=1 C=1 F=1 V=1 GK=1
R8                 0.3    251       0  Base=1 A=1 D=1 C=1 F=1 V=1 GK=1
R24                0.6    544       0  Base=2 A=1 D=1 C=1 F=1 V=1 GK=1
R40                1.4    950       0  Base=1 A=1 D=1 C=1 F=1 V=1 GK=1
R50                2.1   1180       0  Base=1 A=1 D=1 C=1 F=1 V=1 GK=1
R100              11.1   2381       0  Base=1 A=1 D=1 C=1 F=1 V=1 GK=1
R200              15.5   4620       0  Base=1 A=1 D=1 C=1 F=1 V=1 GK=1
R500              64.0  11532       0  Base=1 A=1 D=1 C=1 F=1 V=1 GK=1
R1_T4              0.6    198     617  Base=1 A=1 D=1 C=1 F=1 V=3 GK=1
R1_T8              0.7    198    1440  Base=1 A=1 D=1 C=1 F=1 V=3 GK=1
R1_T24             1.0    198    4733  Base=3 A=3 D=2 C=3 F=2 V=3 GK=1
R1_T40             1.2    198    8025  Base=5 A=5 D=3 C=4 F=2 V=3 GK=2
R1_T50             1.4    198   10082  Base=6 A=7 D=4 C=6 F=3 V=3 GK=3
R1_T100            3.5    198   20370  Base=13 A=25 D=6 C=13 F=5 V=3 GK=5
R1_T200           10.6    198   40946  Base=25 A=25 D=9 C=25 F=9 V=3 GK=9
R1_T500           46.3    198  102673  Base=25 A=50 D=10 C=25 F=25 V=3 GK=13
R2_T4              0.6    214     218  Base=1 A=1 D=1 C=1 F=1 V=1 GK=1
R2_T8              0.6    214     646  Base=1 A=1 D=1 C=1 F=1 V=1 GK=1
R2_T24             0.9    214    2348  Base=2 A=2 D=1 C=3 F=1 V=1 GK=1
R2_T40             1.2    214    4047  Base=3 A=3 D=2 C=3 F=2 V=1 GK=1
R2_T50             1.7    214    5108  Base=4 A=4 D=2 C=4 F=2 V=1 GK=1
R2_T100            2.7    214   10410  Base=7 A=7 D=4 C=7 F=3 V=1 GK=3
R2_T200            8.6    214   21004  Base=8 A=9 D=5 C=8 F=6 V=1 GK=3
R2_T500           34.5    214   52768  Base=25 A=17 D=10 C=25 F=10 V=1 GK=9
R3_T4              0.5    209      65  Base=1 A=1 D=1 C=1 F=1 V=1 GK=1
R3_T8              0.5    209     345  Base=1 A=1 D=1 C=1 F=1 V=1 GK=1
R3_T24             0.6    209    1486  Base=2 A=2 D=1 C=2 F=1 V=1 GK=1
R3_T40             0.8    209    2633  Base=5 A=4 D=3 C=6 F=2 V=1 GK=2
R3_T50             1.1    209    3351  Base=3 A=4 D=2 C=3 F=2 V=1 GK=1
R3_T100            2.1    209    6950  Base=9 A=10 D=4 C=10 F=3 V=1 GK=3
R3_T200            6.9    209   14160  Base=17 A=10 D=8 C=17 F=6 V=1 GK=4
R3_T500           28.9    209   35824  Base=25 A=50 D=17 C=25 F=25 V=1 GK=17
R4_T8              0.5    214     215  Base=1 A=1 D=1 C=1 F=1 V=1 GK=1
R4_T24             0.8    214    1097  Base=3 A=2 D=1 C=3 F=1 V=1 GK=1
R4_T40             0.8    214    1982  Base=5 A=4 D=3 C=5 F=2 V=1 GK=2
R4_T50             1.2    214    2537  Base=5 A=4 D=3 C=5 F=2 V=1 GK=2
R4_T100            2.3    214    5312  Base=17 A=13 D=7 C=17 F=4 V=1 GK=6
R4_T200            7.3    214   10871  Base=inf A=13 D=50 C=inf F=7 V=1 GK=8
R4_T500           27.4    214   27563  Base=inf A=inf D=inf C=inf F=50 V=1 GK=inf
R8_T24             0.6    251     510  Base=4 A=3 D=2 C=4 F=2 V=1 GK=2
R8_T40             0.8    251    1010  Base=3 A=3 D=2 C=3 F=2 V=1 GK=2
R8_T50             1.2    251    1321  Base=4 A=4 D=2 C=4 F=2 V=1 GK=2
R8_T100            1.8    251    2873  Base=9 A=5 D=3 C=9 F=3 V=1 GK=3
R8_T200            5.3    251    5967  Base=13 A=10 D=6 C=13 F=5 V=1 GK=5
R8_T500           24.0    251   15231  Base=25 A=25 D=9 C=25 F=13 V=1 GK=8
R24_T40            1.0    544     343  Base=2 A=2 D=1 C=2 F=1 V=1 GK=1
R24_T50            1.2    544     566  Base=2 A=2 D=1 C=2 F=1 V=1 GK=1
R24_T100           2.5    544    1694  Base=4 A=3 D=2 C=4 F=2 V=1 GK=2
R24_T200           9.3    544    3967  Base=10 A=9 D=3 C=10 F=3 V=1 GK=3
R24_T500          38.4    544   10818  Base=17 A=25 D=13 C=17 F=6 V=1 GK=5
R40_T50            2.1    950     231  Base=1 A=1 D=1 C=1 F=1 V=1 GK=1
R40_T100           6.1    950    1382  Base=2 A=2 D=1 C=2 F=1 V=1 GK=1
R40_T200          17.0    950    3685  Base=5 A=3 D=2 C=5 F=2 V=1 GK=2
R40_T500          67.7    950   10592  Base=5 A=7 D=3 C=5 F=3 V=1 GK=2
R40_control        3.3    967       0  Base=13 A=13 D=7 C=13 F=8 V=inf GK=5

200 runs per cell: 26.5 core-hours, about 6.6 hours on 4 workers
