push      R= 1 decoys=40: capture to finalisation mean 625.5 s, median 618.2 s, p95 892.2 s (n = 3978)
push      R=15 decoys=40: capture to finalisation mean 633.0 s, median 622.0 s, p95 898.5 s (n = 5061)
push      R=50 decoys=40: capture to finalisation mean 628.1 s, median 618.7 s, p95 889.7 s (n = 17484)
twopoint  R= 1 decoys=40: capture to finalisation mean 638.9 s, median 629.3 s, p95 918.5 s (n = 3978)
twopoint  R=15 decoys=40: capture to finalisation mean 647.4 s, median 636.7 s, p95 935.8 s (n = 5061)
twopoint  R=50 decoys=40: capture to finalisation mean 642.4 s, median 633.0 s, p95 925.9 s (n = 17484)
regbundle R= 1 decoys=40: capture to finalisation mean 698.2 s, median 686.4 s, p95 996.2 s (n = 3978)
regbundle R=15 decoys=40: capture to finalisation mean 707.1 s, median 696.6 s, p95 1005.7 s (n = 5061)
regbundle R=50 decoys=40: capture to finalisation mean 701.4 s, median 692.6 s, p95 989.7 s (n = 17484)
reg60     R= 1 decoys=40: capture to finalisation mean 656.0 s, median 648.1 s, p95 921.5 s (n = 3978)
reg60     R=15 decoys=40: capture to finalisation mean 663.5 s, median 652.9 s, p95 931.3 s (n = 5061)
reg60     R=50 decoys=40: capture to finalisation mean 658.0 s, median 648.0 s, p95 919.5 s (n = 17484)
reg120    R= 1 decoys=40: capture to finalisation mean 684.0 s, median 675.6 s, p95 955.6 s (n = 3978)
reg120    R=15 decoys=40: capture to finalisation mean 693.3 s, median 683.1 s, p95 958.8 s (n = 5061)
reg120    R=50 decoys=40: capture to finalisation mean 686.9 s, median 679.0 s, p95 953.9 s (n = 17484)
reg240    R= 1 decoys=40: capture to finalisation mean 744.8 s, median 736.6 s, p95 1029.9 s (n = 3978)
reg240    R=15 decoys=40: capture to finalisation mean 754.7 s, median 744.2 s, p95 1044.7 s (n = 5061)
reg240    R=50 decoys=40: capture to finalisation mean 748.2 s, median 742.2 s, p95 1033.2 s (n = 17484)
reg480    R= 1 decoys=40: capture to finalisation mean 861.2 s, median 856.0 s, p95 1209.8 s (n = 3978)
reg480    R=15 decoys=40: capture to finalisation mean 872.7 s, median 867.6 s, p95 1213.6 s (n = 5061)
reg480    R=50 decoys=40: capture to finalisation mean 866.2 s, median 862.8 s, p95 1211.2 s (n = 17484)
hold150   R= 1 decoys=40: capture to finalisation mean 910.6 s, median 896.9 s, p95 1277.2 s (n = 3991)
hold150   R=15 decoys=40: capture to finalisation mean 918.0 s, median 898.6 s, p95 1301.6 s (n = 5122)
hold150   R=50 decoys=40: capture to finalisation mean 912.2 s, median 899.3 s, p95 1288.2 s (n = 17408)
hold200   R= 1 decoys=40: capture to finalisation mean 1142.4 s, median 1122.8 s, p95 1630.0 s (n = 3979)
hold200   R=15 decoys=40: capture to finalisation mean 1142.8 s, median 1130.9 s, p95 1612.2 s (n = 5122)
hold200   R=50 decoys=40: capture to finalisation mean 1144.3 s, median 1129.1 s, p95 1623.0 s (n = 17435)
hold300   R= 1 decoys=40: capture to finalisation mean 1594.5 s, median 1570.0 s, p95 2255.2 s (n = 3918)
hold300   R=15 decoys=40: capture to finalisation mean 1597.7 s, median 1568.9 s, p95 2276.0 s (n = 4992)
hold300   R=50 decoys=40: capture to finalisation mean 1587.4 s, median 1566.5 s, p95 2260.8 s (n = 17160)
content200 R= 1 decoys=40: capture to finalisation mean 1013.6 s, median 984.7 s, p95 1510.8 s (n = 3979)
content200 R=15 decoys=40: capture to finalisation mean 1019.6 s, median 988.9 s, p95 1506.4 s (n = 5123)
content200 R=50 decoys=40: capture to finalisation mean 1017.9 s, median 989.5 s, p95 1515.1 s (n = 17441)
content300 R= 1 decoys=40: capture to finalisation mean 1425.0 s, median 1397.4 s, p95 2185.7 s (n = 3981)
content300 R=15 decoys=40: capture to finalisation mean 1424.9 s, median 1396.1 s, p95 2164.9 s (n = 5077)
content300 R=50 decoys=40: capture to finalisation mean 1419.5 s, median 1392.6 s, p95 2163.3 s (n = 17425)
