models (control): 105 Monte Carlo runs, 30 s
probe: 16 runs on 4 workers
probe: 1/16 runs, 0.0 min elapsed, ETA 0.3 min
probe: 2/16 runs, 0.0 min elapsed, ETA 0.1 min
probe: 3/16 runs, 0.0 min elapsed, ETA 0.1 min
probe: 4/16 runs, 0.0 min elapsed, ETA 0.1 min
probe: 5/16 runs, 0.1 min elapsed, ETA 0.1 min
probe: 6/16 runs, 0.1 min elapsed, ETA 0.1 min
probe: 7/16 runs, 0.1 min elapsed, ETA 0.1 min
probe: 8/16 runs, 0.1 min elapsed, ETA 0.1 min
probe: 9/16 runs, 0.1 min elapsed, ETA 0.1 min
probe: 10/16 runs, 0.1 min elapsed, ETA 0.0 min
probe: 11/16 runs, 0.1 min elapsed, ETA 0.0 min
probe: 12/16 runs, 0.1 min elapsed, ETA 0.0 min
probe: 13/16 runs, 0.1 min elapsed, ETA 0.0 min
probe: 14/16 runs, 0.1 min elapsed, ETA 0.0 min
probe: 15/16 runs, 0.2 min elapsed, ETA 0.0 min
probe: 16/16 runs, 0.3 min elapsed, ETA 0.0 min

cell             s/run   real   decoy  runs needed for 50 successes and failures per vantage
R1_D40             3.5    200    8134  Base=3 A=3 D=2 C=3 F=2 V=3 GK=1
R5_D40             1.1    234    1816  Base=5 A=4 D=3 C=5 F=2 V=4 GK=2
R15_D40            0.7    352     953  Base=3 A=2 D=2 C=3 F=2 V=3 GK=1
R45_D40            2.6   1019     928  Base=2 A=2 D=1 C=2 F=1 V=2 GK=1
R100_D40          11.0   2332     903  Base=1 A=1 D=1 C=1 F=1 V=1 GK=1
R1                 0.3    200       0  Base=2 A=3 D=1 C=2 F=2 V=4 GK=1
R15                0.3    352       0  Base=1 A=1 D=1 C=1 F=1 V=1 GK=1
R40_control        1.8    952       0  Base=13 A=13 D=7 C=13 F=7 V=50 GK=5

200 runs per cell: 1.2 core-hours, about 0.3 hours on 4 workers
